Device: cuda; OASIS training resolution: 64x64
NVIDIA A100-PCIE-40GB
Training on 9664 OASIS slices; 151 batches/epoch
Epoch 1/30, batch 1/151: G=5.3681, D=2.0068
Epoch 1/30, batch 51/151: G=8.8063, D=0.0055
Epoch 1/30, batch 101/151: G=40.2740, D=9.4316
Epoch 1/30, batch 151/151: G=34.1785, D=0.0002
Finished epoch 1; elapsed 12.3 s; saved results/part4_3.pt
Epoch 2/30, batch 1/151: G=34.1933, D=0.0004
Epoch 2/30, batch 51/151: G=36.8990, D=0.0000
Epoch 2/30, batch 101/151: G=36.4970, D=0.0001
Epoch 2/30, batch 151/151: G=35.5307, D=0.0000
Finished epoch 2; elapsed 27.6 s; saved results/part4_3.pt
Epoch 3/30, batch 1/151: G=35.8610, D=0.0000
Epoch 3/30, batch 51/151: G=38.5395, D=0.0006
Epoch 3/30, batch 101/151: G=37.5919, D=0.0000
Epoch 3/30, batch 151/151: G=37.2434, D=0.0000
Finished epoch 3; elapsed 36.3 s; saved results/part4_3.pt
Epoch 4/30, batch 1/151: G=37.4019, D=0.0025
Epoch 4/30, batch 51/151: G=37.0011, D=0.0000
Epoch 4/30, batch 101/151: G=36.4913, D=0.0000
Epoch 4/30, batch 151/151: G=23.7675, D=0.0000
Finished epoch 4; elapsed 47.1 s; saved results/part4_3.pt
Epoch 5/30, batch 1/151: G=10.9016, D=0.0146
Epoch 5/30, batch 51/151: G=0.8391, D=0.5995
Epoch 5/30, batch 101/151: G=1.8329, D=0.5180
Epoch 5/30, batch 151/151: G=4.9892, D=1.1073
Finished epoch 5; elapsed 56.3 s; saved results/part4_3.pt
Epoch 6/30, batch 1/151: G=3.3986, D=0.3247
Epoch 6/30, batch 51/151: G=3.7903, D=0.2938
Epoch 6/30, batch 101/151: G=8.5036, D=0.8667
Epoch 6/30, batch 151/151: G=5.1774, D=0.1508
Finished epoch 6; elapsed 66.8 s; saved results/part4_3.pt
Epoch 7/30, batch 1/151: G=4.8636, D=0.1302
Epoch 7/30, batch 51/151: G=5.5374, D=0.4009
Epoch 7/30, batch 101/151: G=4.6811, D=0.1303
Epoch 7/30, batch 151/151: G=4.9724, D=0.1121
Finished epoch 7; elapsed 75.7 s; saved results/part4_3.pt
Epoch 8/30, batch 1/151: G=5.1779, D=0.0725
Epoch 8/30, batch 51/151: G=1.7770, D=0.9704
Epoch 8/30, batch 101/151: G=5.4880, D=0.8908
Epoch 8/30, batch 151/151: G=3.5934, D=1.4419
Finished epoch 8; elapsed 84.6 s; saved results/part4_3.pt
Epoch 9/30, batch 1/151: G=2.9095, D=0.7793
Epoch 9/30, batch 51/151: G=3.0567, D=1.0155
Epoch 9/30, batch 101/151: G=3.0458, D=0.8897
Epoch 9/30, batch 151/151: G=2.7717, D=0.5754
Finished epoch 9; elapsed 92.3 s; saved results/part4_3.pt
Epoch 10/30, batch 1/151: G=3.0533, D=0.7751
Epoch 10/30, batch 51/151: G=3.7412, D=1.0042
Epoch 10/30, batch 101/151: G=1.5508, D=1.0554
Epoch 10/30, batch 151/151: G=1.6714, D=1.2809
Finished epoch 10; elapsed 102.2 s; saved results/part4_3.pt
Epoch 11/30, batch 1/151: G=3.4239, D=1.2343
Epoch 11/30, batch 51/151: G=1.2714, D=1.0694
Epoch 11/30, batch 101/151: G=2.0965, D=0.9760
Epoch 11/30, batch 151/151: G=4.3095, D=1.6754
Finished epoch 11; elapsed 113.5 s; saved results/part4_3.pt
Epoch 12/30, batch 1/151: G=0.9220, D=1.7460
Epoch 12/30, batch 51/151: G=2.6974, D=0.9907
Epoch 12/30, batch 101/151: G=1.5049, D=1.0706
Epoch 12/30, batch 151/151: G=3.7733, D=1.2762
Finished epoch 12; elapsed 124.5 s; saved results/part4_3.pt
Epoch 13/30, batch 1/151: G=1.6063, D=1.1429
Epoch 13/30, batch 51/151: G=2.6197, D=1.3086
Epoch 13/30, batch 101/151: G=2.2946, D=0.9309
Epoch 13/30, batch 151/151: G=3.7606, D=1.4422
Finished epoch 13; elapsed 135.9 s; saved results/part4_3.pt
Epoch 14/30, batch 1/151: G=1.5780, D=1.1442
Epoch 14/30, batch 51/151: G=1.9253, D=0.7034
Epoch 14/30, batch 101/151: G=3.0766, D=1.6812
Epoch 14/30, batch 151/151: G=2.5818, D=1.0311
Finished epoch 14; elapsed 143.7 s; saved results/part4_3.pt
Epoch 15/30, batch 1/151: G=1.2795, D=1.0535
Epoch 15/30, batch 51/151: G=3.2595, D=1.0731
Epoch 15/30, batch 101/151: G=1.8225, D=0.9052
Epoch 15/30, batch 151/151: G=2.9105, D=1.0152
Finished epoch 15; elapsed 153.8 s; saved results/part4_3.pt
Epoch 16/30, batch 1/151: G=1.6895, D=0.8614
Epoch 16/30, batch 51/151: G=3.5527, D=1.1905
Epoch 16/30, batch 101/151: G=3.6583, D=1.4782
Epoch 16/30, batch 151/151: G=1.6662, D=0.8883
Finished epoch 16; elapsed 162.9 s; saved results/part4_3.pt
Epoch 17/30, batch 1/151: G=3.5659, D=1.1153
Epoch 17/30, batch 51/151: G=1.2396, D=1.1151
Epoch 17/30, batch 101/151: G=3.3164, D=1.1952
Epoch 17/30, batch 151/151: G=1.5301, D=1.0746
Finished epoch 17; elapsed 174.1 s; saved results/part4_3.pt
Epoch 18/30, batch 1/151: G=2.6922, D=1.0918
Epoch 18/30, batch 51/151: G=2.9485, D=1.1617
Epoch 18/30, batch 101/151: G=0.8978, D=1.2342
Epoch 18/30, batch 151/151: G=3.2215, D=1.1554
Finished epoch 18; elapsed 185.2 s; saved results/part4_3.pt
Epoch 19/30, batch 1/151: G=1.4304, D=1.1120
Epoch 19/30, batch 51/151: G=3.2224, D=1.1373
Epoch 19/30, batch 101/151: G=3.8312, D=1.5031
Epoch 19/30, batch 151/151: G=2.4396, D=0.9032
Finished epoch 19; elapsed 193.6 s; saved results/part4_3.pt
Epoch 20/30, batch 1/151: G=2.0607, D=0.9795
Epoch 20/30, batch 51/151: G=3.3884, D=0.9578
Epoch 20/30, batch 101/151: G=1.8361, D=0.8117
Epoch 20/30, batch 151/151: G=2.2469, D=0.8018
Finished epoch 20; elapsed 201.4 s; saved results/part4_3.pt
Epoch 21/30, batch 1/151: G=2.2907, D=0.9345
Epoch 21/30, batch 51/151: G=2.5613, D=1.0108
Epoch 21/30, batch 101/151: G=2.1773, D=0.7511
Epoch 21/30, batch 151/151: G=3.8600, D=1.2736
Finished epoch 21; elapsed 209.9 s; saved results/part4_3.pt
Epoch 22/30, batch 1/151: G=1.8263, D=0.9984
Epoch 22/30, batch 51/151: G=1.8892, D=0.8726
Epoch 22/30, batch 101/151: G=2.4780, D=0.7991
Epoch 22/30, batch 151/151: G=1.1730, D=1.1416
Finished epoch 22; elapsed 219.7 s; saved results/part4_3.pt
Epoch 23/30, batch 1/151: G=3.5366, D=1.1592
Epoch 23/30, batch 51/151: G=2.7938, D=0.9719
Epoch 23/30, batch 101/151: G=2.3809, D=0.7225
Epoch 23/30, batch 151/151: G=3.9947, D=0.9505
Finished epoch 23; elapsed 228.6 s; saved results/part4_3.pt
Epoch 24/30, batch 1/151: G=1.9147, D=0.7849
Epoch 24/30, batch 51/151: G=4.2247, D=1.3633
Epoch 24/30, batch 101/151: G=2.0360, D=0.7563
Epoch 24/30, batch 151/151: G=1.3202, D=0.9423
Finished epoch 24; elapsed 236.4 s; saved results/part4_3.pt
Epoch 25/30, batch 1/151: G=3.7834, D=0.9673
Epoch 25/30, batch 51/151: G=1.8183, D=0.8467
Epoch 25/30, batch 101/151: G=2.3547, D=0.6922
Epoch 25/30, batch 151/151: G=5.3450, D=1.5447
Finished epoch 25; elapsed 244.0 s; saved results/part4_3.pt
Epoch 26/30, batch 1/151: G=1.6462, D=1.1917
Epoch 26/30, batch 51/151: G=3.8832, D=1.0327
Epoch 26/30, batch 101/151: G=3.4180, D=0.9477
Epoch 26/30, batch 151/151: G=3.7336, D=1.0128
Finished epoch 26; elapsed 251.7 s; saved results/part4_3.pt
Epoch 27/30, batch 1/151: G=2.3438, D=0.6769
Epoch 27/30, batch 51/151: G=1.6124, D=1.0324
Epoch 27/30, batch 101/151: G=2.6486, D=0.5651
Epoch 27/30, batch 151/151: G=1.5091, D=0.9041
Finished epoch 27; elapsed 259.3 s; saved results/part4_3.pt
Epoch 28/30, batch 1/151: G=4.3030, D=1.0506
Epoch 28/30, batch 51/151: G=1.5033, D=0.8546
Epoch 28/30, batch 101/151: G=1.2315, D=1.2862
Epoch 28/30, batch 151/151: G=3.3008, D=0.5028
Finished epoch 28; elapsed 267.1 s; saved results/part4_3.pt
Epoch 29/30, batch 1/151: G=2.1815, D=0.5534
Epoch 29/30, batch 51/151: G=3.3242, D=0.6436
Epoch 29/30, batch 101/151: G=3.2651, D=0.6386
Epoch 29/30, batch 151/151: G=1.2445, D=0.9033
Finished epoch 29; elapsed 275.6 s; saved results/part4_3.pt
Epoch 30/30, batch 1/151: G=4.5629, D=0.9862
Epoch 30/30, batch 51/151: G=3.9433, D=0.7719
Epoch 30/30, batch 101/151: G=1.8075, D=0.7324
Epoch 30/30, batch 151/151: G=3.4926, D=0.6347
Finished epoch 30; elapsed 283.3 s; saved results/part4_3.pt
Saved training evidence to results/figures/part4_3
