Device: cuda
GPU: NVIDIA A100-PCIE-40GB
Train: 9664, validation: 1120
Epoch 1/12, loss: 0.1602, validation DSC (0/85/170/255): [0.9969767445478556, 0.9086601847417878, 0.9366403480149195, 0.9645297679211348]
Epoch 2/12, loss: 0.0397, validation DSC (0/85/170/255): [0.9981969992886387, 0.9315119000897617, 0.9509585948145572, 0.9719324364559928]
Epoch 3/12, loss: 0.0337, validation DSC (0/85/170/255): [0.9989576146987263, 0.9343415585081825, 0.9518083295413393, 0.9734748515200423]
Epoch 4/12, loss: 0.0878, validation DSC (0/85/170/255): [0.9895560758996387, 0.7898701978850262, 0.8597904087011592, 0.9160298808876068]
Epoch 5/12, loss: 0.0778, validation DSC (0/85/170/255): [0.9930525270041013, 0.8689828835220391, 0.9297650829248817, 0.9540564358396224]
Epoch 6/12, loss: 0.0577, validation DSC (0/85/170/255): [0.9938075503041033, 0.88592953032891, 0.9423474781184666, 0.9669407106596171]
Epoch 7/12, loss: 0.0535, validation DSC (0/85/170/255): [0.9938038021474821, 0.870729049049173, 0.9229423322517212, 0.9506345848428919]
Epoch 8/12, loss: 0.0510, validation DSC (0/85/170/255): [0.9942822842593052, 0.8830091077857729, 0.9323623191920855, 0.9591312472618858]
Epoch 9/12, loss: 0.0526, validation DSC (0/85/170/255): [0.9937228899350288, 0.8812837033827725, 0.9339963437581899, 0.9593057522436659]
Epoch 10/12, loss: 0.0487, validation DSC (0/85/170/255): [0.9943175591789306, 0.8817752350503755, 0.9441623975415625, 0.9691653773883319]
Epoch 11/12, loss: 0.0471, validation DSC (0/85/170/255): [0.9943960871041077, 0.893975241202947, 0.944515738515552, 0.9675554890494102]
Epoch 12/12, loss: 0.0458, validation DSC (0/85/170/255): [0.9942823026405648, 0.8969918752941777, 0.9487948018105409, 0.9712941965453596]
Loaded: results/part4_2.pt epoch: 3
Test images: 544
Label 0 (mask value 0): test DSC = 0.998847
Label 1 (mask value 85): test DSC = 0.937156
Label 2 (mask value 170): test DSC = 0.947372
Label 3 (mask value 255): test DSC = 0.971544
Every label DSC > 0.9: True
Saved segmentation examples: results/part4_2.png
