2026-09-10T18:06:04+10:00
a100-b
5d9b627d6a498c9076c8c38b63a2d082a6039a7ef16c5f2fa34a4cf92a58d049  src/comp3710_lab2/part3_2.py
torch: 2.13.0+cu130 torchvision: 0.28.0+cu130 GPU: NVIDIA A100-PCIE-40GB
Device: cuda; mixed precision: True
NVIDIA A100-PCIE-40GB
Epoch 1/35: cross entropy=1.66890, time=7.24 s
Epoch 2/35: cross entropy=1.09094, time=6.52 s
Epoch 3/35: cross entropy=0.84489, time=6.47 s
Epoch 4/35: cross entropy=0.71535, time=6.51 s
Epoch 5/35: cross entropy=0.62125, time=6.56 s
Epoch 6/35: cross entropy=0.56128, time=6.52 s
Epoch 7/35: cross entropy=0.52119, time=6.52 s
Epoch 8/35: cross entropy=0.49099, time=6.60 s
Epoch 9/35: cross entropy=0.46543, time=6.55 s
Epoch 10/35: cross entropy=0.44412, time=6.51 s
Epoch 11/35: cross entropy=0.43008, time=6.51 s
Epoch 12/35: cross entropy=0.42849, time=6.53 s
Epoch 13/35: cross entropy=0.42194, time=6.53 s
Epoch 14/35: cross entropy=0.42872, time=6.51 s
Epoch 15/35: cross entropy=0.43923, time=6.54 s
Epoch 16/35: cross entropy=0.42360, time=6.53 s
Epoch 17/35: cross entropy=0.39925, time=6.52 s
Epoch 18/35: cross entropy=0.37837, time=6.50 s
Epoch 19/35: cross entropy=0.35541, time=6.52 s
Epoch 20/35: cross entropy=0.33792, time=6.51 s
Epoch 21/35: cross entropy=0.31338, time=6.53 s
Epoch 22/35: cross entropy=0.29900, time=6.53 s
Epoch 23/35: cross entropy=0.27319, time=6.51 s
Epoch 24/35: cross entropy=0.24548, time=6.50 s
Epoch 25/35: cross entropy=0.22144, time=6.51 s
Epoch 26/35: cross entropy=0.19490, time=6.51 s
Epoch 27/35: cross entropy=0.16618, time=6.49 s
Epoch 28/35: cross entropy=0.13401, time=6.54 s
Epoch 29/35: cross entropy=0.10149, time=6.52 s
Epoch 30/35: cross entropy=0.06825, time=6.53 s
Epoch 31/35: cross entropy=0.04800, time=6.52 s
Epoch 32/35: cross entropy=0.03944, time=6.49 s
Epoch 33/35: cross entropy=0.03703, time=6.54 s
Epoch 34/35: cross entropy=0.03030, time=6.52 s
Epoch 35/35: cross entropy=0.02891, time=6.50 s
Training time: 228.95 s (3.82 min)
Test accuracy (10000 images): 94.1900%
Inference time: 0.87 s
Saved /home/Student/s4983489/comp3710_lab2_20260910/results/part3_2/model.pt
Device: cuda; mixed precision: True
NVIDIA A100-PCIE-40GB
Loaded /home/Student/s4983489/comp3710_lab2_20260910/results/part3_2/model.pt (35 training epochs)
Test accuracy (10000 images): 94.1900%
Inference time: 1.18 s
2026-09-10T18:10:12+10:00
