Device: cpu
Epoch 1/30, train loss/image=1225.513, validation loss/image=1110.929
Epoch 2/30, train loss/image=1087.892, validation loss/image=1091.114
Epoch 3/30, train loss/image=1077.079, validation loss/image=1086.888
Epoch 4/30, train loss/image=1073.161, validation loss/image=1084.245
Epoch 5/30, train loss/image=1070.525, validation loss/image=1081.759
Epoch 6/30, train loss/image=1068.625, validation loss/image=1080.646
Epoch 7/30, train loss/image=1067.442, validation loss/image=1081.497
Epoch 8/30, train loss/image=1066.730, validation loss/image=1079.295
Epoch 9/30, train loss/image=1065.699, validation loss/image=1078.561
Epoch 10/30, train loss/image=1065.027, validation loss/image=1078.053
Epoch 11/30, train loss/image=1064.540, validation loss/image=1077.685
Epoch 12/30, train loss/image=1064.045, validation loss/image=1077.556
Epoch 13/30, train loss/image=1063.912, validation loss/image=1078.355
Epoch 14/30, train loss/image=1063.360, validation loss/image=1076.709
Epoch 15/30, train loss/image=1062.939, validation loss/image=1076.316
Epoch 16/30, train loss/image=1062.607, validation loss/image=1077.284
Epoch 17/30, train loss/image=1062.441, validation loss/image=1076.926
Epoch 18/30, train loss/image=1062.190, validation loss/image=1076.121
Epoch 19/30, train loss/image=1061.969, validation loss/image=1076.298
Epoch 20/30, train loss/image=1061.784, validation loss/image=1076.416
Epoch 21/30, train loss/image=1061.655, validation loss/image=1076.371
Epoch 22/30, train loss/image=1061.473, validation loss/image=1076.128
Epoch 23/30, train loss/image=1061.166, validation loss/image=1076.146
Epoch 24/30, train loss/image=1061.064, validation loss/image=1075.747
Epoch 25/30, train loss/image=1061.075, validation loss/image=1076.093
Epoch 26/30, train loss/image=1060.684, validation loss/image=1075.211
Epoch 27/30, train loss/image=1060.617, validation loss/image=1075.749
Epoch 28/30, train loss/image=1060.405, validation loss/image=1075.714
Epoch 29/30, train loss/image=1060.352, validation loss/image=1075.492
Epoch 30/30, train loss/image=1060.250, validation loss/image=1075.444
Training and validation time: 159.79 s
Loaded epoch 26 from /Users/junrongtang/Desktop/3710 demo2/results/part4.pt
Test loss/image: 1088.1927849264705
Saved test reconstructions and the 2D latent manifold beside the checkpoint.
